
Allocating common symbols
Common symbol       size              file

imagenRGB           0x180             ./main.o
imagenBinaria       0x80              ./main.o
unosPorFila         0x20              ./main.o
imagenGris          0x80              ./main.o

Memory Configuration

Name             Origin             Length             Attributes
*default*        0x00000000         0xffffffff

Linker script and memory map

LOAD ./init.o
LOAD ./main.o
LOAD ./rutinas_asm.o
LOAD ./trafo.o
START GROUP
LOAD d:/software/eclipsearm/sourcery-g++-lite-arm-2011.03/bin/../lib/gcc/arm-none-eabi/4.5.2\libgcc.a
LOAD d:/software/eclipsearm/sourcery-g++-lite-arm-2011.03/bin/../lib/gcc/arm-none-eabi/4.5.2/../../../../arm-none-eabi/lib\libc.a
END GROUP
                0x0c000000                . = 0xc000000

.data           0x0c000000        0x0
 *(.data)
 .data          0x0c000000        0x0 ./init.o
 .data          0x0c000000        0x0 ./main.o
 .data          0x0c000000        0x0 ./rutinas_asm.o
 .data          0x0c000000        0x0 ./trafo.o
 *(.rodata)

.bss            0x0c000000      0x2a0
 *(.bss)
 .bss           0x0c000000        0x0 ./init.o
 .bss           0x0c000000        0x0 ./main.o
 .bss           0x0c000000        0x0 ./rutinas_asm.o
 .bss           0x0c000000        0x0 ./trafo.o
 *(COMMON)
 COMMON         0x0c000000      0x2a0 ./main.o
                0x0c000000                imagenRGB
                0x0c000180                imagenBinaria
                0x0c000200                unosPorFila
                0x0c000220                imagenGris

.text           0x0c0002a0      0x2d8
 *(.text)
 .text          0x0c0002a0       0x14 ./init.o
                0x0c0002a0                start
 .text          0x0c0002b4       0xf4 ./main.o
                0x0c0002b4                initRGB
                0x0c000324                main
 .text          0x0c0003a8       0x5c ./rutinas_asm.o
                0x0c0003a8                contarUnos
 .text          0x0c000404      0x174 ./trafo.o
                0x0c000404                Gray2BinaryMatrix
                0x0c000490                rgb2gray
                0x0c0004ec                RGB2GrayMatrix
                0x0c000578                PROVIDE (end, .)
                0x0c7ff000                PROVIDE (_stack, 0xc7ff000)
OUTPUT(pract4.elf elf32-littlearm)

.glue_7         0x0c000578        0x0
 .glue_7        0x00000000        0x0 linker stubs

.glue_7t        0x0c000578        0x0
 .glue_7t       0x00000000        0x0 linker stubs

.vfp11_veneer   0x0c000578        0x0
 .vfp11_veneer  0x00000000        0x0 linker stubs

.v4_bx          0x0c000578        0x0
 .v4_bx         0x00000000        0x0 linker stubs

.ARM.attributes
                0x00000000       0x2e
 .ARM.attributes
                0x00000000       0x22 ./init.o
 .ARM.attributes
                0x00000022       0x32 ./main.o
 .ARM.attributes
                0x00000054       0x22 ./rutinas_asm.o
 .ARM.attributes
                0x00000076       0x32 ./trafo.o

.comment        0x00000000       0x2a
 .comment       0x00000000       0x2a ./main.o
                                 0x2b (size before relaxing)
 .comment       0x00000000       0x2b ./trafo.o

.debug_line     0x00000000      0x42d
 .debug_line    0x00000000       0x3e ./init.o
 .debug_line    0x0000003e      0x318 ./main.o
 .debug_line    0x00000356       0x58 ./rutinas_asm.o
 .debug_line    0x000003ae       0x7f ./trafo.o

.debug_info     0x00000000      0x4a5
 .debug_info    0x00000000       0x6f ./init.o
 .debug_info    0x0000006f      0x20a ./main.o
 .debug_info    0x00000279       0x76 ./rutinas_asm.o
 .debug_info    0x000002ef      0x1b6 ./trafo.o

.debug_abbrev   0x00000000      0x21a
 .debug_abbrev  0x00000000       0x14 ./init.o
 .debug_abbrev  0x00000014      0x114 ./main.o
 .debug_abbrev  0x00000128       0x14 ./rutinas_asm.o
 .debug_abbrev  0x0000013c       0xde ./trafo.o

.debug_aranges  0x00000000       0x80
 .debug_aranges
                0x00000000       0x20 ./init.o
 .debug_aranges
                0x00000020       0x20 ./main.o
 .debug_aranges
                0x00000040       0x20 ./rutinas_asm.o
 .debug_aranges
                0x00000060       0x20 ./trafo.o

.debug_macinfo  0x00000000     0x6cae
 .debug_macinfo
                0x00000000     0x4b87 ./main.o
 .debug_macinfo
                0x00004b87     0x2127 ./trafo.o

.debug_loc      0x00000000      0x240
 .debug_loc     0x00000000       0xa5 ./main.o
 .debug_loc     0x000000a5      0x19b ./trafo.o

.debug_pubnames
                0x00000000       0xae
 .debug_pubnames
                0x00000000       0x66 ./main.o
 .debug_pubnames
                0x00000066       0x48 ./trafo.o

.debug_pubtypes
                0x00000000       0x60
 .debug_pubtypes
                0x00000000       0x30 ./main.o
 .debug_pubtypes
                0x00000030       0x30 ./trafo.o

.debug_str      0x00000000      0x156
 .debug_str     0x00000000      0x10a ./main.o
                                0x143 (size before relaxing)
 .debug_str     0x0000010a       0x4c ./trafo.o
                                 0xc2 (size before relaxing)

.debug_frame    0x00000000       0xdc
 .debug_frame   0x00000000       0x54 ./main.o
 .debug_frame   0x00000054       0x88 ./trafo.o
